// Jest Snapshot v1, https://goo.gl/fbAQLP

exports[`integ snapshot validation 1`] = `
Object {
  "Outputs": Object {
    "AlpsSpecRestApiEndpointB3770DD2": Object {
      "Value": Object {
        "Fn::Join": Array [
          "",
          Array [
            "https://",
            Object {
              "Ref": "AlpsSpecRestApi18BF1E38",
            },
            ".execute-api.",
            Object {
              "Ref": "AWS::Region",
            },
            ".",
            Object {
              "Ref": "AWS::URLSuffix",
            },
            "/",
            Object {
              "Ref": "AlpsSpecRestApiDeploymentStageprod5A00266D",
            },
            "/",
          ],
        ],
      },
    },
  },
  "Resources": Object {
    "AlpsSpecRestApi18BF1E38": Object {
      "Properties": Object {
        "Body": Object {
          "components": Object {
            "schemas": Object {
              "todoItem": Object {
                "description": "todo item",
                "properties": Object {
                  "body": Object {
                    "example": "gro6bn81wpincq4pdei76q",
                    "type": "string",
                  },
                  "id": Object {
                    "example": 7112,
                    "type": "string",
                  },
                },
                "type": "object",
              },
            },
          },
          "info": Object {
            "description": "Simple Todo list example",
            "title": "simpleTodo",
            "version": "1.0.0",
          },
          "openapi": "3.0.1",
          "paths": Object {
            "/todoAdd": Object {
              "post": Object {
                "operationId": "todoAdd",
                "requestBody": Object {
                  "content": Object {
                    "application/json": Object {
                      "schema": Object {
                        "$ref": "#/components/schemas/todoItem",
                      },
                    },
                  },
                },
                "responses": Object {
                  "200": Object {
                    "content": Object {
                      "application/json": Object {
                        "schema": Object {
                          "items": Object {
                            "$ref": "#/components/schemas/todoItem",
                          },
                          "type": "array",
                        },
                      },
                    },
                    "description": "add todoAdd",
                  },
                },
                "summary": "create a new todo item",
                "x-amazon-apigateway-integration": Object {
                  "credentials": Object {
                    "Fn::GetAtt": Array [
                      "apiRole0DDF0297",
                      "Arn",
                    ],
                  },
                  "httpMethod": "POST",
                  "passthroughBehavior": "when_no_match",
                  "type": "aws_proxy",
                  "uri": Object {
                    "Fn::Join": Array [
                      "",
                      Array [
                        "arn:aws:apigateway:",
                        Object {
                          "Ref": "AWS::Region",
                        },
                        ":lambda:path/2015-03-31/functions/arn:aws:lambda:",
                        Object {
                          "Ref": "AWS::Region",
                        },
                        ":",
                        Object {
                          "Ref": "AWS::AccountId",
                        },
                        ":function:todoAdd/invocations",
                      ],
                    ],
                  },
                },
              },
            },
            "/todoList": Object {
              "get": Object {
                "operationId": "todoList",
                "responses": Object {
                  "200": Object {
                    "content": Object {
                      "application/json": Object {
                        "schema": Object {
                          "items": Object {
                            "$ref": "#/components/schemas/todoItem",
                          },
                          "type": "array",
                        },
                      },
                    },
                    "description": "todoList",
                  },
                },
                "summary": "return list of todo items",
                "x-amazon-apigateway-integration": Object {
                  "credentials": Object {
                    "Fn::GetAtt": Array [
                      "apiRole0DDF0297",
                      "Arn",
                    ],
                  },
                  "httpMethod": "POST",
                  "passthroughBehavior": "when_no_match",
                  "type": "aws_proxy",
                  "uri": Object {
                    "Fn::Join": Array [
                      "",
                      Array [
                        "arn:aws:apigateway:",
                        Object {
                          "Ref": "AWS::Region",
                        },
                        ":lambda:path/2015-03-31/functions/arn:aws:lambda:",
                        Object {
                          "Ref": "AWS::Region",
                        },
                        ":",
                        Object {
                          "Ref": "AWS::AccountId",
                        },
                        ":function:myOwnLambda/invocations",
                      ],
                    ],
                  },
                },
              },
            },
            "/todoRemove/{id}": Object {
              "delete": Object {
                "operationId": "todoRemove",
                "parameters": Array [
                  Object {
                    "description": "id of todoRemove",
                    "in": "path",
                    "name": "id",
                    "required": true,
                    "schema": Object {
                      "type": "string",
                    },
                  },
                ],
                "responses": Object {
                  "204": Object {
                    "description": "delete todoRemove",
                  },
                },
                "summary": "remove a single todo item",
                "x-amazon-apigateway-integration": Object {
                  "credentials": Object {
                    "Fn::GetAtt": Array [
                      "apiRole0DDF0297",
                      "Arn",
                    ],
                  },
                  "httpMethod": "POST",
                  "passthroughBehavior": "when_no_match",
                  "type": "aws_proxy",
                  "uri": Object {
                    "Fn::Join": Array [
                      "",
                      Array [
                        "arn:aws:apigateway:",
                        Object {
                          "Ref": "AWS::Region",
                        },
                        ":lambda:path/2015-03-31/functions/arn:aws:lambda:",
                        Object {
                          "Ref": "AWS::Region",
                        },
                        ":",
                        Object {
                          "Ref": "AWS::AccountId",
                        },
                        ":function:todoRemove/invocations",
                      ],
                    ],
                  },
                },
              },
            },
          },
          "servers": Array [
            Object {
              "url": "http://api.example.org/todo",
            },
          ],
        },
        "Name": "SpecRestApi",
      },
      "Type": "AWS::ApiGateway::RestApi",
    },
    "AlpsSpecRestApiAccount9955DCA4": Object {
      "DependsOn": Array [
        "AlpsSpecRestApi18BF1E38",
      ],
      "Properties": Object {
        "CloudWatchRoleArn": Object {
          "Fn::GetAtt": Array [
            "AlpsSpecRestApiCloudWatchRole684B001D",
            "Arn",
          ],
        },
      },
      "Type": "AWS::ApiGateway::Account",
    },
    "AlpsSpecRestApiCloudWatchRole684B001D": Object {
      "Properties": Object {
        "AssumeRolePolicyDocument": Object {
          "Statement": Array [
            Object {
              "Action": "sts:AssumeRole",
              "Effect": "Allow",
              "Principal": Object {
                "Service": "apigateway.amazonaws.com",
              },
            },
          ],
          "Version": "2012-10-17",
        },
        "ManagedPolicyArns": Array [
          Object {
            "Fn::Join": Array [
              "",
              Array [
                "arn:",
                Object {
                  "Ref": "AWS::Partition",
                },
                ":iam::aws:policy/service-role/AmazonAPIGatewayPushToCloudWatchLogs",
              ],
            ],
          },
        ],
      },
      "Type": "AWS::IAM::Role",
    },
    "AlpsSpecRestApiDeployment5AF0C3D40d339cc37e396af218adcb2394efb615": Object {
      "Properties": Object {
        "Description": "Automatically created by the RestApi construct",
        "RestApiId": Object {
          "Ref": "AlpsSpecRestApi18BF1E38",
        },
      },
      "Type": "AWS::ApiGateway::Deployment",
    },
    "AlpsSpecRestApiDeploymentStageprod5A00266D": Object {
      "Properties": Object {
        "DeploymentId": Object {
          "Ref": "AlpsSpecRestApiDeployment5AF0C3D40d339cc37e396af218adcb2394efb615",
        },
        "RestApiId": Object {
          "Ref": "AlpsSpecRestApi18BF1E38",
        },
        "StageName": "prod",
      },
      "Type": "AWS::ApiGateway::Stage",
    },
    "apiRole0DDF0297": Object {
      "Properties": Object {
        "AssumeRolePolicyDocument": Object {
          "Statement": Array [
            Object {
              "Action": "sts:AssumeRole",
              "Effect": "Allow",
              "Principal": Object {
                "Service": "apigateway.amazonaws.com",
              },
            },
          ],
          "Version": "2012-10-17",
        },
        "ManagedPolicyArns": Array [
          Object {
            "Fn::Join": Array [
              "",
              Array [
                "arn:",
                Object {
                  "Ref": "AWS::Partition",
                },
                ":iam::aws:policy/service-role/AmazonAPIGatewayPushToCloudWatchLogs",
              ],
            ],
          },
        ],
      },
      "Type": "AWS::IAM::Role",
    },
    "apiRoleDefaultPolicy771DC0DD": Object {
      "Properties": Object {
        "PolicyDocument": Object {
          "Statement": Array [
            Object {
              "Action": "lambda:InvokeFunction",
              "Effect": "Allow",
              "Resource": "*",
            },
          ],
          "Version": "2012-10-17",
        },
        "PolicyName": "apiRoleDefaultPolicy771DC0DD",
        "Roles": Array [
          Object {
            "Ref": "apiRole0DDF0297",
          },
        ],
      },
      "Type": "AWS::IAM::Policy",
    },
  },
}
`;
