// Jest Snapshot v1, https://goo.gl/fbAQLP

exports[`integ snapshot validation 1`] = `
Object {
  "Outputs": Object {
    "AlpsSpecRestApiEndpointBF7CCEC7": Object {
      "Value": Object {
        "Fn::Join": Array [
          "",
          Array [
            "https://",
            Object {
              "Ref": "AlpsSpecRestApi1E233117",
            },
            ".execute-api.",
            Object {
              "Ref": "AWS::Region",
            },
            ".",
            Object {
              "Ref": "AWS::URLSuffix",
            },
            "/",
            Object {
              "Ref": "AlpsSpecRestApiDeploymentStageprod053E5D7D",
            },
            "/",
          ],
        ],
      },
    },
  },
  "Resources": Object {
    "AlpsSpecRestApi1E233117": Object {
      "Properties": Object {
        "Name": "Alps Rest Api Gw",
      },
      "Type": "AWS::ApiGateway::RestApi",
    },
    "AlpsSpecRestApiANYC1250F32": Object {
      "Properties": Object {
        "AuthorizationType": "NONE",
        "HttpMethod": "ANY",
        "Integration": Object {
          "Type": "MOCK",
        },
        "ResourceId": Object {
          "Fn::GetAtt": Array [
            "AlpsSpecRestApi1E233117",
            "RootResourceId",
          ],
        },
        "RestApiId": Object {
          "Ref": "AlpsSpecRestApi1E233117",
        },
      },
      "Type": "AWS::ApiGateway::Method",
    },
    "AlpsSpecRestApiAccount712D76CC": Object {
      "DependsOn": Array [
        "AlpsSpecRestApi1E233117",
      ],
      "Properties": Object {
        "CloudWatchRoleArn": Object {
          "Fn::GetAtt": Array [
            "AlpsSpecRestApiCloudWatchRole009F872B",
            "Arn",
          ],
        },
      },
      "Type": "AWS::ApiGateway::Account",
    },
    "AlpsSpecRestApiCloudWatchRole009F872B": Object {
      "Properties": Object {
        "AssumeRolePolicyDocument": Object {
          "Statement": Array [
            Object {
              "Action": "sts:AssumeRole",
              "Effect": "Allow",
              "Principal": Object {
                "Service": "apigateway.amazonaws.com",
              },
            },
          ],
          "Version": "2012-10-17",
        },
        "ManagedPolicyArns": Array [
          Object {
            "Fn::Join": Array [
              "",
              Array [
                "arn:",
                Object {
                  "Ref": "AWS::Partition",
                },
                ":iam::aws:policy/service-role/AmazonAPIGatewayPushToCloudWatchLogs",
              ],
            ],
          },
        ],
      },
      "Type": "AWS::IAM::Role",
    },
    "AlpsSpecRestApiDeploymentED5F4E0Cd6fa99e89976b5a43ee7aa458139c66a": Object {
      "DependsOn": Array [
        "AlpsSpecRestApiANYC1250F32",
      ],
      "Properties": Object {
        "Description": "Automatically created by the RestApi construct",
        "RestApiId": Object {
          "Ref": "AlpsSpecRestApi1E233117",
        },
      },
      "Type": "AWS::ApiGateway::Deployment",
    },
    "AlpsSpecRestApiDeploymentStageprod053E5D7D": Object {
      "Properties": Object {
        "DeploymentId": Object {
          "Ref": "AlpsSpecRestApiDeploymentED5F4E0Cd6fa99e89976b5a43ee7aa458139c66a",
        },
        "RestApiId": Object {
          "Ref": "AlpsSpecRestApi1E233117",
        },
        "StageName": "prod",
      },
      "Type": "AWS::ApiGateway::Stage",
    },
  },
}
`;
