// Jest Snapshot v1, https://goo.gl/fbAQLP

exports[`integ snapshot validation 1`] = `
Object {
  "Outputs": Object {
    "AlpsSpecRestApiEndpointB3770DD2": Object {
      "Value": Object {
        "Fn::Join": Array [
          "",
          Array [
            "https://",
            Object {
              "Ref": "AlpsSpecRestApi18BF1E38",
            },
            ".execute-api.",
            Object {
              "Ref": "AWS::Region",
            },
            ".",
            Object {
              "Ref": "AWS::URLSuffix",
            },
            "/",
            Object {
              "Ref": "AlpsSpecRestApiDeploymentStageprod5A00266D",
            },
            "/",
          ],
        ],
      },
    },
  },
  "Parameters": Object {
    "AssetParameters8266410fdf12a4eb406dc2a1ebcf5e15ea71dafebcebe418a0ae95f29bf4dcc2ArtifactHash04ACEE79": Object {
      "Description": "Artifact hash for asset \\"8266410fdf12a4eb406dc2a1ebcf5e15ea71dafebcebe418a0ae95f29bf4dcc2\\"",
      "Type": "String",
    },
    "AssetParameters8266410fdf12a4eb406dc2a1ebcf5e15ea71dafebcebe418a0ae95f29bf4dcc2S3Bucket88866489": Object {
      "Description": "S3 bucket for asset \\"8266410fdf12a4eb406dc2a1ebcf5e15ea71dafebcebe418a0ae95f29bf4dcc2\\"",
      "Type": "String",
    },
    "AssetParameters8266410fdf12a4eb406dc2a1ebcf5e15ea71dafebcebe418a0ae95f29bf4dcc2S3VersionKeyABCA819D": Object {
      "Description": "S3 key for asset version \\"8266410fdf12a4eb406dc2a1ebcf5e15ea71dafebcebe418a0ae95f29bf4dcc2\\"",
      "Type": "String",
    },
  },
  "Resources": Object {
    "AlpsSpecRestApi18BF1E38": Object {
      "Properties": Object {
        "BodyS3Location": Object {
          "Bucket": Object {
            "Ref": "AssetParameters8266410fdf12a4eb406dc2a1ebcf5e15ea71dafebcebe418a0ae95f29bf4dcc2S3Bucket88866489",
          },
          "Key": Object {
            "Fn::Join": Array [
              "",
              Array [
                Object {
                  "Fn::Select": Array [
                    0,
                    Object {
                      "Fn::Split": Array [
                        "||",
                        Object {
                          "Ref": "AssetParameters8266410fdf12a4eb406dc2a1ebcf5e15ea71dafebcebe418a0ae95f29bf4dcc2S3VersionKeyABCA819D",
                        },
                      ],
                    },
                  ],
                },
                Object {
                  "Fn::Select": Array [
                    1,
                    Object {
                      "Fn::Split": Array [
                        "||",
                        Object {
                          "Ref": "AssetParameters8266410fdf12a4eb406dc2a1ebcf5e15ea71dafebcebe418a0ae95f29bf4dcc2S3VersionKeyABCA819D",
                        },
                      ],
                    },
                  ],
                },
              ],
            ],
          },
        },
        "Name": "SpecRestApi",
      },
      "Type": "AWS::ApiGateway::RestApi",
    },
    "AlpsSpecRestApiAccount9955DCA4": Object {
      "DependsOn": Array [
        "AlpsSpecRestApi18BF1E38",
      ],
      "Properties": Object {
        "CloudWatchRoleArn": Object {
          "Fn::GetAtt": Array [
            "AlpsSpecRestApiCloudWatchRole684B001D",
            "Arn",
          ],
        },
      },
      "Type": "AWS::ApiGateway::Account",
    },
    "AlpsSpecRestApiCloudWatchRole684B001D": Object {
      "Properties": Object {
        "AssumeRolePolicyDocument": Object {
          "Statement": Array [
            Object {
              "Action": "sts:AssumeRole",
              "Effect": "Allow",
              "Principal": Object {
                "Service": "apigateway.amazonaws.com",
              },
            },
          ],
          "Version": "2012-10-17",
        },
        "ManagedPolicyArns": Array [
          Object {
            "Fn::Join": Array [
              "",
              Array [
                "arn:",
                Object {
                  "Ref": "AWS::Partition",
                },
                ":iam::aws:policy/service-role/AmazonAPIGatewayPushToCloudWatchLogs",
              ],
            ],
          },
        ],
      },
      "Type": "AWS::IAM::Role",
    },
    "AlpsSpecRestApiDeployment5AF0C3D44576fcbf36f8a64b52405e62ee671946": Object {
      "Properties": Object {
        "Description": "Automatically created by the RestApi construct",
        "RestApiId": Object {
          "Ref": "AlpsSpecRestApi18BF1E38",
        },
      },
      "Type": "AWS::ApiGateway::Deployment",
    },
    "AlpsSpecRestApiDeploymentStageprod5A00266D": Object {
      "Properties": Object {
        "DeploymentId": Object {
          "Ref": "AlpsSpecRestApiDeployment5AF0C3D44576fcbf36f8a64b52405e62ee671946",
        },
        "RestApiId": Object {
          "Ref": "AlpsSpecRestApi18BF1E38",
        },
        "StageName": "prod",
      },
      "Type": "AWS::ApiGateway::Stage",
    },
  },
}
`;
